maNV                                               tenNV                                                                                                                                                                                                                                                           cccd                                               chucVu                                             soNgayCong  thang      tienLuong              heSoLuong              luongCB                phuCap
-------------------------------------------------- --------------------------------------------------------------------------------------------------------------------------------------------------------------------------------------------------------------------------------------------------------------- -------------------------------------------------- -------------------------------------------------- ----------- ---------- ---------------------- ---------------------- ---------------------- ----------------------
NV001                                              Nguyễn Văn Trinh                                                                                                                                                                                                                                                052210101353                                       HCNS                                               26          2022-08-28 64500000               3.2                    20000000               500000
NV001                                              Nguyễn Văn Trinh                                                                                                                                                                                                                                                052210101353                                       HCNS                                               26          2022-08-28 64500000               3.2                    20000000               500000

(2 rows affected)


Completion time: 2022-10-23T16:17:20.1402774+07:00
